Heading found: Discover Tourism Insights
Button clicked
